Response Details:
{
  "error": "Apify failed to start run: {\n  \"error\": {\n    \"type\": \"page-not-found\",\n    \"message\": \"We have bad news: there is no API endpoint at this URL. Did you specify it correctly?\"\n  }\n}"
}
